src/app/admin/page.tsx(208,35): error TS2339: Property 'extra_roles' does not exist on type 'User'.
src/app/admin/page.tsx(417,79): error TS2339: Property 'extra_roles' does not exist on type 'User'.
src/app/admin/page.tsx(418,120): error TS2339: Property 'extra_roles' does not exist on type 'User'.
